C51 COMPILER V9.59.0.0   HC573                                                             04/30/2025 18:09:04 PAGE 1   


C51 COMPILER V9.59.0.0, COMPILATION OF MODULE HC573
OBJECT MODULE PLACED IN .\Objects\hc573.obj
COMPILER INVOKED BY: D:\Keil_v5\C51\BIN\C51.EXE device\src\hc573.c OPTIMIZE(8,SPEED) BROWSE INCDIR(.\driver\inc;.\device
                    -\inc) DEBUG OBJECTEXTEND PRINT(.\Listings\hc573.lst) OBJECT(.\Objects\hc573.obj)

line level    source

   1          #include "hc573.h"
   2          
   3          
   4          /**
   5           * @brief 选择74HC573锁存器的通道
   6           *
   7           * 该函数根据传入的通道号选择相应的74HC573锁存器通道。
   8           * 通过设置P2端口的特定位来实现对不同外设的片选操作。
   9           *
  10           * @param channel 要选择的通道号，可选值为 CS_LED、CS_ULN2003、CS_SMG_WELA、CS_SMG_DULA
  11           */
  12          void SelectHC573(unsigned char channel)/*74HC573锁存器*/
  13          {
  14   1              switch(channel)
  15   1              {
  16   2                      case CS_LED: /*置位A2 -> 100 -> 00001000  片选LED锁存器*/
  17   2                              P2 = (P2 & 0x1f) | 0x80;
  18   2                      break;
  19   2                      case CS_ULN2003:/*置位A0 A2 -> 片选ULN2003，控制继电器 蜂鸣器 步进电机*/
  20   2                              P2 = (P2 & 0x1f) | 0xa0;
  21   2                      break;
  22   2                      case CS_SMG_WELA:/*置位A1 A2  片选位选*/
  23   2                              P2 = (P2 & 0x1f) | 0xc0;
  24   2                      break;
  25   2                      case CS_SMG_DULA:/*置位A1 A2 A3  片选段选*/
  26   2                              P2 = (P2 & 0x1f) | 0xe0;
  27   2                      break;
  28   2              }
  29   1      }


MODULE INFORMATION:   STATIC OVERLAYABLE
   CODE SIZE        =     51    ----
   CONSTANT SIZE    =   ----    ----
   XDATA SIZE       =   ----    ----
   PDATA SIZE       =   ----    ----
   DATA SIZE        =   ----    ----
   IDATA SIZE       =   ----    ----
   BIT SIZE         =   ----    ----
END OF MODULE INFORMATION.


C51 COMPILATION COMPLETE.  0 WARNING(S),  0 ERROR(S)
